// Jest Snapshot v1, https://goo.gl/fbAQLP

exports[`CookiePolicy renders correctly 1`] = `
.c2 {
  padding: 0;
  margin: 0;
  font-size: 1rem;
  color: black;
  font-weight: 300;
  white-space: pre-wrap;
}

.c1 {
  padding: 0;
  margin: 0;
  font-size: 1.5rem;
  line-height: 2.125rem;
  font-weight: 500;
  color: black;
}

.c3 {
  padding: 0;
  margin: 0;
}

.c0 .cookie-policy {
  padding: 1.25rem 3.125rem 1.25rem 3.125rem;
  background-color: #00708d;
}

.c0 .cookie-policy__title,
.c0 .cookie-policy__text {
  display: block;
  margin-bottom: 1.25rem;
  color: #fff;
}

.c0 .cookie-policy__title > *,
.c0 .cookie-policy__text > *,
.c0 .cookie-policy__title a,
.c0 .cookie-policy__text a {
  color: #fff;
}

.c0 .cookie-policy__accept-button,
.c0 .cookie-policy__decline-button {
  padding: 0.625rem 2.1875rem 0.625rem 2.1875rem;
  margin-right: 1.25rem;
  background-color: #fff;
  color: #00708d;
}

.c4 {
  border: none;
  cursor: pointer;
  font: inherit;
  width: -webkit-fit-content;
  width: -moz-fit-content;
  width: fit-content;
  height: -webkit-fit-content;
  height: -moz-fit-content;
  height: fit-content;
  background: white;
  color: black;
}

.c4 p {
  margin: 0;
}

.c4:focus {
  outline: none;
}

.c4.button--secondary {
  background: transparent;
  font-size: 0.875rem;
  display: -webkit-box;
  display: -webkit-flex;
  display: -ms-flexbox;
  display: flex;
  -webkit-flex-direction: row;
  -ms-flex-direction: row;
  flex-direction: row;
  -webkit-box-pack: center;
  -webkit-justify-content: center;
  -ms-flex-pack: center;
  justify-content: center;
  -webkit-align-items: center;
  -webkit-box-align: center;
  -ms-flex-align: center;
  align-items: center;
  width: -webkit-fit-content;
  width: -moz-fit-content;
  width: fit-content;
  height: -webkit-fit-content;
  height: -moz-fit-content;
  height: fit-content;
  padding: 0;
}

.c4.button--secondary > * {
  margin: 0 0.75rem 0 0;
}

.c4.button--secondary > :last-child {
  margin: 0;
}

.c4.button--secondary p {
  -webkit-text-decoration: underline;
  text-decoration: underline;
}

<div
  className="c0"
>
  <div
    className="cookie-policy"
  >
    <h3
      className="c1 cookie-policy__title"
      color="black"
    />
    <span
      className="c2 cookie-policy__text"
      color="black"
      fontSize="16px"
    >
      <span
        className="c2 cookie-policy__text__body"
        color="black"
        fontSize="16px"
      >
        We use cookies to ensure that we give you the best experience on our website.
         
        <a
          className="c3"
          href="#"
          target="_blank"
        >
          Read our privacy policy
        </a>
         
        and let us know that you agree to cookies.
      </span>
    </span>
    <button
      className="c4 button cookie-policy__accept-button"
      height="fit-content"
      onClick={[Function]}
      type="button"
      width="fit-content"
    >
      <p>
        Accept
      </p>
    </button>
    <button
      className="c4 button cookie-policy__decline-button"
      height="fit-content"
      onClick={[Function]}
      type="button"
      width="fit-content"
    >
      <p>
        Reject
      </p>
    </button>
  </div>
</div>
`;
