// Jest Snapshot v1, https://goo.gl/fbAQLP

exports[`Checkbox renders correctly 1`] = `
.c0 {
  position: relative;
  cursor: pointer;
  min-height: 1.25rem;
  padding-left: 1.25rem;
  display: -webkit-box;
  display: -webkit-flex;
  display: -ms-flexbox;
  display: flex;
  -webkit-flex-direction: row;
  -ms-flex-direction: row;
  flex-direction: row;
  -webkit-box-pack: initial;
  -webkit-justify-content: initial;
  -ms-flex-pack: initial;
  justify-content: initial;
  -webkit-align-items: center;
  -webkit-box-align: center;
  -ms-flex-align: center;
  align-items: center;
}

.c0 > input {
  display: none;
}

.c0:before {
  content: '';
  display: inline-block;
  box-sizing: border-box;
  border: #4E606A solid 0.0625rem;
  position: absolute;
  top: 0;
  left: 0;
  width: 1.25rem;
  height: 1.25rem;
}

.c0 > span {
  line-height: 1.25rem;
}

.c0.checked:after {
  background: url('assets/icons/checkmark.svg') 100% no-repeat;
  content: '';
  width: 0.8125rem;
  height: 0.5625rem;
  position: absolute;
  top: 0.34375rem;
  left: 0.1875rem;
}

.c0.label--has-label-text {
  padding-left: 1.75rem;
}

.c0.label--has-error > input {
  color: #EB4820;
}

.c0.label--has-error:before {
  border: #EB4820 solid 0.0625rem;
}

.c0.label--left {
  padding: 0 1.75rem 0 0;
}

.c0.label--left:before {
  position: absolute;
  top: 0;
  right: 0;
  left: auto;
}

.c0.label--left.checked:after {
  position: absolute;
  top: 0.34375rem;
  right: 0.25rem;
  left: auto;
}

<label
  className="c0"
>
  <input
    checked={false}
    onChange={[Function]}
    type="checkbox"
  />
</label>
`;
