// Jest Snapshot v1, https://goo.gl/fbAQLP

exports[`PasswordRules renders correctly 1`] = `
.c0 {
  width: 100%;
}

.c0 .password_rules_wrapper_password_rule_characters {
  display: -webkit-box;
  display: -webkit-flex;
  display: -ms-flexbox;
  display: flex;
}

.c0 .password_rules_wrapper_password_rule_characters--icons {
  display: inline-block;
  width: 1.625rem;
}

.c0 .password_rules_wrapper_password_rule_characters--icons div {
  display: inline-block;
  margin-right: 10px;
}

.c0 .password_rules_wrapper_password_rule_characters--message {
  display: inline-block;
}

.c0 .password_rules_wrapper_password_rule_characters--message p {
  display: inline-block;
}

.c0 .password_rules_wrapper_password_rule_characters--message span {
  font-weight: 500;
}

.c0 .password_rules_wrapper_password_rule_number {
  display: -webkit-box;
  display: -webkit-flex;
  display: -ms-flexbox;
  display: flex;
}

.c0 .password_rules_wrapper_password_rule_number--icons {
  display: inline-block;
  width: 1.625rem;
}

.c0 .password_rules_wrapper_password_rule_number--icons div {
  display: inline-block;
  margin-right: 10px;
}

.c0 .password_rules_wrapper_password_rule_number--message {
  display: inline-block;
}

.c0 .password_rules_wrapper_password_rule_number--message p {
  display: inline-block;
}

.c0 .password_rules_wrapper_password_rule_number--message span {
  font-weight: 500;
}

.c0 .password_rules_wrapper_password_rule_letters {
  display: -webkit-box;
  display: -webkit-flex;
  display: -ms-flexbox;
  display: flex;
}

.c0 .password_rules_wrapper_password_rule_letters--icons {
  display: inline-block;
  width: 1.625rem;
}

.c0 .password_rules_wrapper_password_rule_letters--icons div {
  display: inline-block;
  margin-right: 10px;
}

.c0 .password_rules_wrapper_password_rule_letters--message {
  display: inline-block;
}

.c0 .password_rules_wrapper_password_rule_letters--message p {
  display: inline-block;
}

.c0 .password_rules_wrapper_password_rule_letters--message span {
  font-weight: 500;
}

.c2 {
  padding: 0;
  margin: 0;
  font-size: 1rem;
  color: #4E606A;
  font-weight: 300;
  white-space: pre-wrap;
}

.c1 {
  display: -webkit-box;
  display: -webkit-flex;
  display: -ms-flexbox;
  display: flex;
  font-size: 1rem;
}

<div
  className="c0"
>
  <div
    className="password_rules_wrapper"
  >
    <div
      className="password_rules_wrapper_password_rule_characters"
    >
      <div
        className="password_rules_wrapper_password_rule_characters--icons"
      >
        <div
          className="c1"
        >
          <svg
            aria-hidden="true"
            className="svg-inline--fa fa-times fa-w-11 fa-1x "
            color="#EB4820"
            data-icon="times"
            data-prefix="fas"
            focusable="false"
            role="img"
            style={Object {}}
            viewBox="0 0 352 512"
            xmlns="http://www.w3.org/2000/svg"
          >
            <path
              d="M242.72 256l100.07-100.07c12.28-12.28 12.28-32.19 0-44.48l-22.24-22.24c-12.28-12.28-32.19-12.28-44.48 0L176 189.28 75.93 89.21c-12.28-12.28-32.19-12.28-44.48 0L9.21 111.45c-12.28 12.28-12.28 32.19 0 44.48L109.28 256 9.21 356.07c-12.28 12.28-12.28 32.19 0 44.48l22.24 22.24c12.28 12.28 32.2 12.28 44.48 0L176 322.72l100.07 100.07c12.28 12.28 32.2 12.28 44.48 0l22.24-22.24c12.28-12.28 12.28-32.19 0-44.48L242.72 256z"
              fill="currentColor"
              style={Object {}}
            />
          </svg>
        </div>
      </div>
      <div
        className="password_rules_wrapper_password_rule_characters--message"
      >
        <span
          className="c2"
          color="#4E606A"
          fontSize="16px"
        >
          Contains at least 6 characters
        </span>
      </div>
    </div>
    <div
      className="password_rules_wrapper_password_rule_number"
    >
      <div
        className="password_rules_wrapper_password_rule_number--icons"
      >
        <div
          className="c1"
        >
          <svg
            aria-hidden="true"
            className="svg-inline--fa fa-times fa-w-11 fa-1x "
            color="#EB4820"
            data-icon="times"
            data-prefix="fas"
            focusable="false"
            role="img"
            style={Object {}}
            viewBox="0 0 352 512"
            xmlns="http://www.w3.org/2000/svg"
          >
            <path
              d="M242.72 256l100.07-100.07c12.28-12.28 12.28-32.19 0-44.48l-22.24-22.24c-12.28-12.28-32.19-12.28-44.48 0L176 189.28 75.93 89.21c-12.28-12.28-32.19-12.28-44.48 0L9.21 111.45c-12.28 12.28-12.28 32.19 0 44.48L109.28 256 9.21 356.07c-12.28 12.28-12.28 32.19 0 44.48l22.24 22.24c12.28 12.28 32.2 12.28 44.48 0L176 322.72l100.07 100.07c12.28 12.28 32.2 12.28 44.48 0l22.24-22.24c12.28-12.28 12.28-32.19 0-44.48L242.72 256z"
              fill="currentColor"
              style={Object {}}
            />
          </svg>
        </div>
      </div>
      <div
        className="password_rules_wrapper_password_rule_number--message"
      >
        <span
          className="c2"
          color="#4E606A"
          fontSize="16px"
        >
          Contains at least one number (0-9)
        </span>
      </div>
    </div>
    <div
      className="password_rules_wrapper_password_rule_letters"
    >
      <div
        className="password_rules_wrapper_password_rule_letters--icons"
      >
        <div
          className="c1"
        >
          <svg
            aria-hidden="true"
            className="svg-inline--fa fa-times fa-w-11 fa-1x "
            color="#EB4820"
            data-icon="times"
            data-prefix="fas"
            focusable="false"
            role="img"
            style={Object {}}
            viewBox="0 0 352 512"
            xmlns="http://www.w3.org/2000/svg"
          >
            <path
              d="M242.72 256l100.07-100.07c12.28-12.28 12.28-32.19 0-44.48l-22.24-22.24c-12.28-12.28-32.19-12.28-44.48 0L176 189.28 75.93 89.21c-12.28-12.28-32.19-12.28-44.48 0L9.21 111.45c-12.28 12.28-12.28 32.19 0 44.48L109.28 256 9.21 356.07c-12.28 12.28-12.28 32.19 0 44.48l22.24 22.24c12.28 12.28 32.2 12.28 44.48 0L176 322.72l100.07 100.07c12.28 12.28 32.2 12.28 44.48 0l22.24-22.24c12.28-12.28 12.28-32.19 0-44.48L242.72 256z"
              fill="currentColor"
              style={Object {}}
            />
          </svg>
        </div>
      </div>
      <div
        className="password_rules_wrapper_password_rule_letters--message"
      >
        <span
          className="c2"
          color="#4E606A"
          fontSize="16px"
        >
          Contains both lower (a-z) and upper case letters (A-Z)
        </span>
      </div>
    </div>
  </div>
</div>
`;
