// Jest Snapshot v1, https://goo.gl/fbAQLP

exports[`Chart renders correctly 1`] = `
<r
  height="auto"
  options={
    Object {
      "chart": Object {
        "height": "100%",
        "toolbar": Object {
          "show": false,
        },
        "type": "line",
        "zoom": Object {
          "enabled": false,
        },
      },
      "colors": Array [
        "#81C8D1",
      ],
      "fill": Object {
        "gradient": Object {
          "gradientToColors": Array [
            "#00708D",
          ],
          "inverseColors": false,
          "opacityFrom": 1,
          "opacityTo": 1,
          "shadeIntensity": 1,
          "stops": Array [
            20,
            100,
            100,
            100,
          ],
        },
        "type": "gradient",
      },
      "grid": Object {
        "borderColor": "#C6CDCF",
        "strokeDashArray": 1,
        "xaxis": Object {
          "lines": Object {
            "show": true,
          },
        },
        "yaxis": Object {
          "lines": Object {
            "show": true,
          },
        },
      },
      "legend": Object {
        "markers": Object {
          "height": 2,
          "radius": 10,
          "width": 35,
        },
        "show": true,
      },
      "markers": Object {
        "colors": Array [
          "white",
        ],
        "hover": Object {
          "size": 4,
        },
        "size": 3,
        "strokeColors": Array [
          "#00A5B5",
        ],
        "strokeWidth": 2,
      },
      "series": Array [
        Object {
          "data": Array [
            Object {
              "x": 2020-07-06T00:00:00.000Z,
              "y": 2,
            },
            Object {
              "x": 2020-07-07T00:00:00.000Z,
              "y": 2,
            },
            Object {
              "x": 2020-07-08T00:00:00.000Z,
              "y": 0,
            },
            Object {
              "x": 2020-07-09T00:00:00.000Z,
              "y": 0,
            },
            Object {
              "x": 2020-07-10T00:00:00.000Z,
              "y": 1,
            },
            Object {
              "x": 2020-07-11T00:00:00.000Z,
              "y": 0,
            },
            Object {
              "x": 2020-07-12T00:00:00.000Z,
              "y": 0,
            },
            Object {
              "x": 2020-07-13T00:00:00.000Z,
              "y": 0,
            },
            Object {
              "x": 2020-07-14T00:00:00.000Z,
              "y": 0,
            },
            Object {
              "x": 2020-07-15T00:00:00.000Z,
              "y": 0,
            },
            Object {
              "x": 2020-07-16T00:00:00.000Z,
              "y": 0,
            },
            Object {
              "x": 2020-07-17T00:00:00.000Z,
              "y": 0,
            },
            Object {
              "x": 2020-07-18T00:00:00.000Z,
              "y": 0,
            },
            Object {
              "x": 2020-07-19T00:00:00.000Z,
              "y": 0,
            },
            Object {
              "x": 2020-07-20T00:00:00.000Z,
              "y": 0,
            },
            Object {
              "x": 2020-07-21T00:00:00.000Z,
              "y": 0,
            },
            Object {
              "x": 2020-07-22T00:00:00.000Z,
              "y": 1,
            },
            Object {
              "x": 2020-07-23T00:00:00.000Z,
              "y": 0,
            },
            Object {
              "x": 2020-07-24T00:00:00.000Z,
              "y": 0,
            },
            Object {
              "x": 2020-07-25T00:00:00.000Z,
              "y": 0,
            },
            Object {
              "x": 2020-07-26T00:00:00.000Z,
              "y": 0,
            },
            Object {
              "x": 2020-07-27T00:00:00.000Z,
              "y": 0,
            },
            Object {
              "x": 2020-07-28T00:00:00.000Z,
              "y": 0,
            },
            Object {
              "x": 2020-07-29T00:00:00.000Z,
              "y": 0,
            },
            Object {
              "x": 2020-07-30T00:00:00.000Z,
              "y": 0,
            },
            Object {
              "x": 2020-07-31T00:00:00.000Z,
              "y": 0,
            },
            Object {
              "x": 2020-08-01T00:00:00.000Z,
              "y": 0,
            },
            Object {
              "x": 2020-08-02T00:00:00.000Z,
              "y": 0,
            },
            Object {
              "x": 2020-08-03T00:00:00.000Z,
              "y": 0,
            },
            Object {
              "x": 2020-08-04T00:00:00.000Z,
              "y": 0,
            },
            Object {
              "x": 2020-08-05T00:00:00.000Z,
              "y": 2,
            },
            Object {
              "x": 2020-08-06T00:00:00.000Z,
              "y": 1,
            },
          ],
          "name": "Messages",
        },
      ],
      "stroke": Object {
        "curve": "smooth",
        "width": Array [
          2,
        ],
      },
      "title": Object {
        "align": "left",
        "style": Object {},
        "text": "Number of messages",
      },
      "xaxis": Object {
        "axisBorder": Object {
          "color": "#C6CDCF",
          "height": 1,
          "show": true,
        },
        "labels": Object {
          "formatter": [Function],
          "rotateAlways": true,
          "style": Object {
            "cssClass": "",
          },
        },
        "max": 1596672000000,
        "min": 1593993600000,
        "tickAmount": 2,
        "tooltip": Object {
          "enabled": false,
        },
        "type": "datetime",
      },
      "yaxis": Object {
        "axisBorder": Object {
          "color": "#C6CDCF",
          "show": true,
          "width": 1,
        },
        "labels": Object {
          "formatter": [Function],
          "offsetX": 0,
          "style": Object {
            "cssClass": "",
          },
        },
        "tickAmount": 2,
      },
    }
  }
  series={
    Array [
      Object {
        "data": Array [
          Object {
            "x": 2020-07-06T00:00:00.000Z,
            "y": 2,
          },
          Object {
            "x": 2020-07-07T00:00:00.000Z,
            "y": 2,
          },
          Object {
            "x": 2020-07-08T00:00:00.000Z,
            "y": 0,
          },
          Object {
            "x": 2020-07-09T00:00:00.000Z,
            "y": 0,
          },
          Object {
            "x": 2020-07-10T00:00:00.000Z,
            "y": 1,
          },
          Object {
            "x": 2020-07-11T00:00:00.000Z,
            "y": 0,
          },
          Object {
            "x": 2020-07-12T00:00:00.000Z,
            "y": 0,
          },
          Object {
            "x": 2020-07-13T00:00:00.000Z,
            "y": 0,
          },
          Object {
            "x": 2020-07-14T00:00:00.000Z,
            "y": 0,
          },
          Object {
            "x": 2020-07-15T00:00:00.000Z,
            "y": 0,
          },
          Object {
            "x": 2020-07-16T00:00:00.000Z,
            "y": 0,
          },
          Object {
            "x": 2020-07-17T00:00:00.000Z,
            "y": 0,
          },
          Object {
            "x": 2020-07-18T00:00:00.000Z,
            "y": 0,
          },
          Object {
            "x": 2020-07-19T00:00:00.000Z,
            "y": 0,
          },
          Object {
            "x": 2020-07-20T00:00:00.000Z,
            "y": 0,
          },
          Object {
            "x": 2020-07-21T00:00:00.000Z,
            "y": 0,
          },
          Object {
            "x": 2020-07-22T00:00:00.000Z,
            "y": 1,
          },
          Object {
            "x": 2020-07-23T00:00:00.000Z,
            "y": 0,
          },
          Object {
            "x": 2020-07-24T00:00:00.000Z,
            "y": 0,
          },
          Object {
            "x": 2020-07-25T00:00:00.000Z,
            "y": 0,
          },
          Object {
            "x": 2020-07-26T00:00:00.000Z,
            "y": 0,
          },
          Object {
            "x": 2020-07-27T00:00:00.000Z,
            "y": 0,
          },
          Object {
            "x": 2020-07-28T00:00:00.000Z,
            "y": 0,
          },
          Object {
            "x": 2020-07-29T00:00:00.000Z,
            "y": 0,
          },
          Object {
            "x": 2020-07-30T00:00:00.000Z,
            "y": 0,
          },
          Object {
            "x": 2020-07-31T00:00:00.000Z,
            "y": 0,
          },
          Object {
            "x": 2020-08-01T00:00:00.000Z,
            "y": 0,
          },
          Object {
            "x": 2020-08-02T00:00:00.000Z,
            "y": 0,
          },
          Object {
            "x": 2020-08-03T00:00:00.000Z,
            "y": 0,
          },
          Object {
            "x": 2020-08-04T00:00:00.000Z,
            "y": 0,
          },
          Object {
            "x": 2020-08-05T00:00:00.000Z,
            "y": 2,
          },
          Object {
            "x": 2020-08-06T00:00:00.000Z,
            "y": 1,
          },
        ],
        "name": "Messages",
      },
    ]
  }
  type="line"
  width="100%"
/>
`;
