// Jest Snapshot v1, https://goo.gl/fbAQLP

exports[`Chart renders correctly 1`] = `
<r
  height="100%"
  options={
    Object {
      "chart": Object {
        "toolbar": Object {
          "show": false,
        },
        "type": "line",
        "zoom": Object {
          "enabled": false,
        },
      },
      "colors": Array [
        "#81C8D1",
      ],
      "fill": Object {
        "gradient": Object {
          "gradientToColors": Array [
            "#00708D",
          ],
          "inverseColors": false,
          "opacityFrom": 1,
          "opacityTo": 1,
          "shadeIntensity": 1,
          "stops": Array [
            20,
            100,
            100,
            100,
          ],
        },
        "type": "gradient",
      },
      "grid": Object {
        "borderColor": "#C6CDCF",
        "strokeDashArray": 1,
        "xaxis": Object {
          "lines": Object {
            "show": true,
          },
        },
        "yaxis": Object {
          "lines": Object {
            "show": true,
          },
        },
      },
      "legend": Object {
        "markers": Object {
          "height": 2,
          "radius": 10,
          "width": 35,
        },
        "show": true,
      },
      "markers": Object {
        "colors": Array [
          "white",
        ],
        "hover": Object {
          "size": 4,
        },
        "size": 3,
        "strokeColors": Array [
          "#00A5B5",
        ],
        "strokeWidth": 2,
      },
      "series": Array [
        Object {
          "data": Array [
            Object {
              "x": 1593993600000,
              "y": "2",
            },
            Object {
              "x": 1594080000000,
              "y": "2",
            },
            Object {
              "x": 1594166400000,
              "y": "0",
            },
            Object {
              "x": 1594252800000,
              "y": "0",
            },
            Object {
              "x": 1594339200000,
              "y": "1",
            },
            Object {
              "x": 1594425600000,
              "y": "0",
            },
            Object {
              "x": 1594512000000,
              "y": "0",
            },
            Object {
              "x": 1594598400000,
              "y": "0",
            },
            Object {
              "x": 1594684800000,
              "y": "0",
            },
            Object {
              "x": 1594771200000,
              "y": "0",
            },
            Object {
              "x": 1594857600000,
              "y": "0",
            },
            Object {
              "x": 1594944000000,
              "y": "0",
            },
            Object {
              "x": 1595030400000,
              "y": "0",
            },
            Object {
              "x": 1595116800000,
              "y": "0",
            },
            Object {
              "x": 1595203200000,
              "y": "0",
            },
            Object {
              "x": 1595289600000,
              "y": "0",
            },
            Object {
              "x": 1595376000000,
              "y": "1",
            },
            Object {
              "x": 1595462400000,
              "y": "0",
            },
            Object {
              "x": 1595548800000,
              "y": "0",
            },
            Object {
              "x": 1595635200000,
              "y": "0",
            },
            Object {
              "x": 1595721600000,
              "y": "0",
            },
            Object {
              "x": 1595808000000,
              "y": "0",
            },
            Object {
              "x": 1595894400000,
              "y": "0",
            },
            Object {
              "x": 1595980800000,
              "y": "0",
            },
            Object {
              "x": 1596067200000,
              "y": "0",
            },
            Object {
              "x": 1596153600000,
              "y": "0",
            },
            Object {
              "x": 1596240000000,
              "y": "0",
            },
            Object {
              "x": 1596326400000,
              "y": "0",
            },
            Object {
              "x": 1596412800000,
              "y": "0",
            },
            Object {
              "x": 1596499200000,
              "y": "0",
            },
            Object {
              "x": 1596585600000,
              "y": "2",
            },
            Object {
              "x": 1596672000000,
              "y": "1",
            },
          ],
          "name": "Messages",
        },
      ],
      "stroke": Object {
        "curve": "smooth",
        "width": Array [
          2,
        ],
      },
      "title": Object {
        "align": "left",
        "style": Object {},
        "text": "Number of messages",
      },
      "xaxis": Object {
        "axisBorder": Object {
          "color": "#C6CDCF",
          "height": 1,
          "show": true,
        },
        "labels": Object {
          "formatter": [Function],
          "rotateAlways": true,
          "style": Object {
            "cssClass": "",
          },
        },
        "max": 1596672000000,
        "min": 1593993600000,
        "tickAmount": 2,
        "tooltip": Object {
          "enabled": false,
        },
        "type": "datetime",
      },
      "yaxis": Object {
        "axisBorder": Object {
          "color": "#C6CDCF",
          "show": true,
          "width": 1,
        },
        "labels": Object {
          "formatter": [Function],
          "offsetX": 0,
          "style": Object {
            "cssClass": "",
          },
        },
        "tickAmount": 2,
      },
    }
  }
  series={
    Array [
      Object {
        "data": Array [
          Object {
            "x": 1593993600000,
            "y": "2",
          },
          Object {
            "x": 1594080000000,
            "y": "2",
          },
          Object {
            "x": 1594166400000,
            "y": "0",
          },
          Object {
            "x": 1594252800000,
            "y": "0",
          },
          Object {
            "x": 1594339200000,
            "y": "1",
          },
          Object {
            "x": 1594425600000,
            "y": "0",
          },
          Object {
            "x": 1594512000000,
            "y": "0",
          },
          Object {
            "x": 1594598400000,
            "y": "0",
          },
          Object {
            "x": 1594684800000,
            "y": "0",
          },
          Object {
            "x": 1594771200000,
            "y": "0",
          },
          Object {
            "x": 1594857600000,
            "y": "0",
          },
          Object {
            "x": 1594944000000,
            "y": "0",
          },
          Object {
            "x": 1595030400000,
            "y": "0",
          },
          Object {
            "x": 1595116800000,
            "y": "0",
          },
          Object {
            "x": 1595203200000,
            "y": "0",
          },
          Object {
            "x": 1595289600000,
            "y": "0",
          },
          Object {
            "x": 1595376000000,
            "y": "1",
          },
          Object {
            "x": 1595462400000,
            "y": "0",
          },
          Object {
            "x": 1595548800000,
            "y": "0",
          },
          Object {
            "x": 1595635200000,
            "y": "0",
          },
          Object {
            "x": 1595721600000,
            "y": "0",
          },
          Object {
            "x": 1595808000000,
            "y": "0",
          },
          Object {
            "x": 1595894400000,
            "y": "0",
          },
          Object {
            "x": 1595980800000,
            "y": "0",
          },
          Object {
            "x": 1596067200000,
            "y": "0",
          },
          Object {
            "x": 1596153600000,
            "y": "0",
          },
          Object {
            "x": 1596240000000,
            "y": "0",
          },
          Object {
            "x": 1596326400000,
            "y": "0",
          },
          Object {
            "x": 1596412800000,
            "y": "0",
          },
          Object {
            "x": 1596499200000,
            "y": "0",
          },
          Object {
            "x": 1596585600000,
            "y": "2",
          },
          Object {
            "x": 1596672000000,
            "y": "1",
          },
        ],
        "name": "Messages",
      },
    ]
  }
  type="line"
  width="100%"
/>
`;
