// Jest Snapshot v1, https://goo.gl/fbAQLP

exports[`RadioGroup renders correctly 1`] = `
.c0 > * {
  margin: 0 0 1.875rem 0;
}

.c0 > :last-child {
  margin: 0;
}

.c0 .input__description-msg {
  margin-top: 0.9375rem;
  color: #cdd5d8;
  line-height: 1.25rem;
}

.c0 .radio-group__container >:nth-of-type(n + 2) {
  border-top: 0;
}

.c1 {
  position: relative;
  background: white;
  display: -webkit-box;
  display: -webkit-flex;
  display: -ms-flexbox;
  display: flex;
  -webkit-flex-direction: row;
  -ms-flex-direction: row;
  flex-direction: row;
  -webkit-box-pack: initial;
  -webkit-justify-content: initial;
  -ms-flex-pack: initial;
  justify-content: initial;
  -webkit-align-items: center;
  -webkit-box-align: center;
  -ms-flex-align: center;
  align-items: center;
  font-size: 1rem;
  height: 2.8125rem;
  width: 100%;
  border: 0.03125rem solid #95A1A6;
  box-sizing: border-box;
  cursor: pointer;
}

.c1 input {
  display: none;
}

.c1 input:checked + svg .inner {
  display: block;
}

.c1 input:checked + svg + span {
  font-weight: 600;
}

.c1 > svg {
  color: #81c8d1;
  margin: 0 1rem;
}

.c1 > svg.lg {
  width: 1.5625rem;
  height: 1.5625rem;
}

.c1 > svg.md {
  width: 1rem;
  height: 1rem;
}

.c1 > svg .inner {
  display: none;
  -webkit-animation-name: animation-inner;
  animation-name: animation-inner;
  -webkit-animation-duration: 0.35s;
  animation-duration: 0.35s;
}

.c2 {
  padding: 0;
  margin: 0;
  font-size: 1rem;
  color: #4E606A;
  font-weight: 300;
  white-space: pre-wrap;
}

<div
  className="c0"
>
  <div
    className="radio-group__container"
  >
    <label
      className="c1"
    >
      <input
        checked={false}
        className="radio-input"
        disabled={false}
        name="test"
        onChange={[Function]}
        type="radio"
        value="1"
      />
      <svg
        className="lg"
        height="25"
        viewBox="0 0 25 25"
        width="25"
      >
        <circle
          cx="12.5"
          cy="12.5"
          fill="none"
          r="11.5"
          stroke="currentColor"
          strokeWidth="1"
        />
        <circle
          className="inner"
          cx="12.5"
          cy="12.5"
          fill="currentColor"
          r="30%"
        />
      </svg>
      <span
        className="c2"
        color="#4E606A"
        fontSize="16px"
      >
        test1
      </span>
    </label>
    <label
      className="c1"
    >
      <input
        checked={false}
        className="radio-input"
        disabled={false}
        name="test"
        onChange={[Function]}
        type="radio"
        value="2"
      />
      <svg
        className="lg"
        height="25"
        viewBox="0 0 25 25"
        width="25"
      >
        <circle
          cx="12.5"
          cy="12.5"
          fill="none"
          r="11.5"
          stroke="currentColor"
          strokeWidth="1"
        />
        <circle
          className="inner"
          cx="12.5"
          cy="12.5"
          fill="currentColor"
          r="30%"
        />
      </svg>
      <span
        className="c2"
        color="#4E606A"
        fontSize="16px"
      >
        test2
      </span>
    </label>
    <label
      className="c1"
    >
      <input
        checked={false}
        className="radio-input"
        disabled={false}
        name="test"
        onChange={[Function]}
        type="radio"
        value="3"
      />
      <svg
        className="lg"
        height="25"
        viewBox="0 0 25 25"
        width="25"
      >
        <circle
          cx="12.5"
          cy="12.5"
          fill="none"
          r="11.5"
          stroke="currentColor"
          strokeWidth="1"
        />
        <circle
          className="inner"
          cx="12.5"
          cy="12.5"
          fill="currentColor"
          r="30%"
        />
      </svg>
      <span
        className="c2"
        color="#4E606A"
        fontSize="16px"
      >
        test3
      </span>
    </label>
    
  </div>
</div>
`;
