// Jest Snapshot v1, https://goo.gl/fbAQLP

exports[`Modal renders correctly 1`] = `
Object {
  "$$typeof": Symbol(react.portal),
  "children": <ForwardRef(styled.div)>
    <div
      className="modal-wrapper"
    >
      <div
        className="modal-wrapper__content"
      >
        <div
          className="modal-wrapper__content__header"
        >
          <span>
            Test
          </span>
        </div>
        <div
          className="modal-wrapper__content__body"
        >
          <span>
            test body
          </span>
        </div>
        <hr
          className="modal-wrapper__content__line"
        />
        <div
          className="modal-wrapper__content__footer"
        >
          <button>
            test
          </button>
        </div>
      </div>
    </div>
  </ForwardRef(styled.div)>,
  "containerInfo": <body />,
  "implementation": null,
  "key": null,
}
`;
