// Jest Snapshot v1, https://goo.gl/fbAQLP

exports[`Button renders correctly 1`] = `
.c0 {
  border: none;
  cursor: pointer;
  font: inherit;
  width: 21.875rem;
  height: 2.8125rem;
  background: white;
  color: black;
}

.c0 p {
  margin: 0;
}

.c0:focus {
  outline: none;
}

.c0.button--secondary {
  background: transparent;
  font-size: 0.875rem;
  display: -webkit-box;
  display: -webkit-flex;
  display: -ms-flexbox;
  display: flex;
  -webkit-flex-direction: row;
  -ms-flex-direction: row;
  flex-direction: row;
  -webkit-box-pack: center;
  -webkit-justify-content: center;
  -ms-flex-pack: center;
  justify-content: center;
  -webkit-align-items: center;
  -webkit-box-align: center;
  -ms-flex-align: center;
  align-items: center;
  width: -webkit-fit-content;
  width: -moz-fit-content;
  width: fit-content;
  height: -webkit-fit-content;
  height: -moz-fit-content;
  height: fit-content;
  padding: 0;
}

.c0.button--secondary > * {
  margin: 0 0.75rem 0 0;
}

.c0.button--secondary > :last-child {
  margin: 0;
}

.c0.button--secondary p {
  -webkit-text-decoration: underline;
  text-decoration: underline;
}

.c0.button--disabled {
  opacity: 0.5;
  cursor: not-allowed;
}

<button
  className="c0 button"
  disabled={false}
  height="2.8125rem"
  type="button"
  width="21.875rem"
>
  Button
</button>
`;
