// Jest Snapshot v1, https://goo.gl/fbAQLP

exports[`Button renders correctly 1`] = `
.c0 {
  border: none;
  cursor: pointer;
  font: inherit;
  padding: unset;
}

.c0:focus {
  outline: none;
}

.c0.button--secondary {
  background: transparent;
}

.c0.button--disabled {
  opacity: 0.5;
  cursor: not-allowed;
}

<button
  className="c0 button"
  disabled={false}
  type="button"
>
  Button
</button>
`;
