// Jest Snapshot v1, https://goo.gl/fbAQLP

exports[`FormProgression renders correctly 1`] = `
.c0 {
  display: -webkit-box;
  display: -webkit-flex;
  display: -ms-flexbox;
  display: flex;
  -webkit-flex-direction: column;
  -ms-flex-direction: column;
  flex-direction: column;
  -webkit-box-pack: initial;
  -webkit-justify-content: initial;
  -ms-flex-pack: initial;
  justify-content: initial;
  -webkit-align-items: initial;
  -webkit-box-align: initial;
  -ms-flex-align: initial;
  align-items: initial;
  color: #00708D;
  width: 100%;
}

.c0 .progression__bar {
  background-color: #dceeef;
  border-radius: 0.6875rem;
  height: 0.875rem;
  margin-bottom: 0.75rem;
}

.c0 .progression__bar__filler {
  border-radius: 0.6875rem;
  height: 0.875rem;
  background: rgb(0,112,141);
  background: linear-gradient( 90deg, rgba(0,112,141,1) 0%, rgba(129,200,209,1) 100% );
  -webkit-transition: width 0.25s ease-in-out;
  transition: width 0.25s ease-in-out;
  -webkit-animation-name: fadeOutLeft;
  animation-name: fadeOutLeft;
  -webkit-animation-duration: 0.3s;
  animation-duration: 0.3s;
}

.c0 .progression__stages {
  display: -webkit-box;
  display: -webkit-flex;
  display: -ms-flexbox;
  display: flex;
  -webkit-flex-direction: row;
  -ms-flex-direction: row;
  flex-direction: row;
  -webkit-box-pack: justify;
  -webkit-justify-content: space-between;
  -ms-flex-pack: justify;
  justify-content: space-between;
  -webkit-align-items: flex-start;
  -webkit-box-align: flex-start;
  -ms-flex-align: flex-start;
  align-items: flex-start;
}

.c0 .progression__stages__stage {
  position: relative;
  width: 100%;
  padding-right: 5%;
}

.c0 .progression__stages__stage__circle {
  position: absolute;
  top: -1.5rem;
  left: 0.125rem;
}

.c0 .progression__stages__stage__circle__empty {
  width: 10px;
  height: 10px;
  border: 0.03125rem solid #4E606A;
  background-color: white;
  border-radius: 50%;
}

.c0 .progression__stages__stage__label {
  text-transform: uppercase;
  font-weight: bold;
}

.c1 {
  display: -webkit-box;
  display: -webkit-flex;
  display: -ms-flexbox;
  display: flex;
  font-size: 10px;
}

@media (max-width:767px) {
  .c0 .progression__stages__stage:last-of-type {
    width: -webkit-fit-content;
    width: -moz-fit-content;
    width: fit-content;
    padding-right: 0.125rem;
  }
}

@media (max-width:767px) {
  .c0 .progression__stages__stage__label__text {
    display: none;
  }
}

@media (max-width:767px) {
  .c0 .progression__stages__stage__name {
    display: none;
  }
}

<div
  className="c0 progression"
>
  <div
    className="progression__bar"
  >
    <div
      className="progression__bar__filler"
      style={
        Object {
          "width": "",
        }
      }
    />
  </div>
  <div
    className="progression__stages"
  >
    <div
      className="progression__stages__stage"
    >
      <div
        className="progression__stages__stage__circle"
      >
        <div
          className="c1 progression__stages__stage__circle__checked"
          size="10px"
        >
          <svg
            aria-hidden="true"
            className="svg-inline--fa fa-check-circle fa-w-16 fa-1x "
            color="white"
            data-icon="check-circle"
            data-prefix="fas"
            focusable="false"
            role="img"
            style={Object {}}
            viewBox="0 0 512 512"
            xmlns="http://www.w3.org/2000/svg"
          >
            <path
              d="M504 256c0 136.967-111.033 248-248 248S8 392.967 8 256 119.033 8 256 8s248 111.033 248 248zM227.314 387.314l184-184c6.248-6.248 6.248-16.379 0-22.627l-22.627-22.627c-6.248-6.249-16.379-6.249-22.628 0L216 308.118l-70.059-70.059c-6.248-6.248-16.379-6.248-22.628 0l-22.627 22.627c-6.248 6.248-6.248 16.379 0 22.627l104 104c6.249 6.249 16.379 6.249 22.628.001z"
              fill="currentColor"
              style={Object {}}
            />
          </svg>
        </div>
      </div>
      <div
        className="progression__stages__stage__label"
      >
        <span
          className="progression__stages__stage__label__text"
        >
          Step
        </span>
         
        <span
          className="progression__stages__stage__label__index"
        >
          1
        </span>
      </div>
      <div
        className="progression__stages__stage__name"
      >
        Your Details
      </div>
    </div>
    <div
      className="progression__stages__stage"
    >
      <div
        className="progression__stages__stage__circle"
      >
        <div
          className="progression__stages__stage__circle__empty"
        />
      </div>
      <div
        className="progression__stages__stage__label"
      >
        <span
          className="progression__stages__stage__label__text"
        >
          Step
        </span>
         
        <span
          className="progression__stages__stage__label__index"
        >
          2
        </span>
      </div>
      <div
        className="progression__stages__stage__name"
      >
        Create a password
      </div>
    </div>
    <div
      className="progression__stages__stage"
    >
      <div
        className="progression__stages__stage__circle"
      >
        <div
          className="progression__stages__stage__circle__empty"
        />
      </div>
      <div
        className="progression__stages__stage__label"
      >
        <span
          className="progression__stages__stage__label__text"
        >
          Step
        </span>
         
        <span
          className="progression__stages__stage__label__index"
        >
          3
        </span>
      </div>
      <div
        className="progression__stages__stage__name"
      >
        Your Community Details
      </div>
    </div>
    <div
      className="progression__stages__stage"
    >
      <div
        className="progression__stages__stage__circle"
      >
        <div
          className="progression__stages__stage__circle__empty"
        />
      </div>
      <div
        className="progression__stages__stage__label"
      >
        <span
          className="progression__stages__stage__label__text"
        >
          Step
        </span>
         
        <span
          className="progression__stages__stage__label__index"
        >
          4
        </span>
      </div>
      <div
        className="progression__stages__stage__name"
      >
        Community Address
      </div>
    </div>
    <div
      className="progression__stages__stage"
    >
      <div
        className="progression__stages__stage__circle"
      >
        <div
          className="progression__stages__stage__circle__empty"
        />
      </div>
      <div
        className="progression__stages__stage__label"
      >
        <span
          className="progression__stages__stage__label__text"
        >
          Step
        </span>
         
        <span
          className="progression__stages__stage__label__index"
        >
          5
        </span>
      </div>
      <div
        className="progression__stages__stage__name"
      >
        Your Role
      </div>
    </div>
    <div
      className="progression__stages__stage"
    >
      <div
        className="progression__stages__stage__circle"
      >
        <div
          className="progression__stages__stage__circle__empty"
        />
      </div>
      <div
        className="progression__stages__stage__label"
      >
        <span
          className="progression__stages__stage__label__text"
        >
          Step
        </span>
         
        <span
          className="progression__stages__stage__label__index"
        >
          6
        </span>
      </div>
      <div
        className="progression__stages__stage__name"
      >
        Privacy Settings
      </div>
    </div>
  </div>
</div>
`;
