// Jest Snapshot v1, https://goo.gl/fbAQLP

exports[`Dropdown renders correctly 1`] = `
<div
  className="wcl-dropdown wcl-dropdown--select"
>
  <div
    className="wcl-dropdown__heading wcl-dropdown__heading--select"
    onClick={[Function]}
  >
    <div
      className="wcl-dropdown__heading__label"
    >
      Placeholder
    </div>
  </div>
</div>
`;
