// Jest Snapshot v1, https://goo.gl/fbAQLP

exports[`Modal renders correctly 1`] = `
Object {
  "$$typeof": Symbol(react.portal),
  "children": <ForwardRef(styled.div)
    className="wcl-modal wcl-modal--center"
  >
    <div
      className="wcl-modal__content"
    >
      <div>
        <span>
          Test
        </span>
      </div>
      <div>
        <span>
          test body
        </span>
      </div>
      <div>
        <button>
          test
        </button>
      </div>
    </div>
  </ForwardRef(styled.div)>,
  "containerInfo": <body />,
  "implementation": null,
  "key": null,
}
`;
