// Jest Snapshot v1, https://goo.gl/fbAQLP

exports[`Input renders correctly 1`] = `
.c0 {
  width: 100%;
}

.c0 > * {
  margin: 0 0 0.625rem 0;
}

.c0 > :last-child {
  margin: 0;
}

.c0 > input {
  width: 100%;
  height: 2.8125rem;
  padding: 0.5rem 1rem 0.5rem 1rem;
  outline: none;
}

.c0 > input:focus,
.c0 > input.input--error {
  box-shadow: none;
}

<div
  className="c0"
>
  <input
    className="input--error"
    onChange={[Function]}
    onKeyPress={[Function]}
    type="text"
    value="Test value"
  />
</div>
`;
