// Jest Snapshot v1, https://goo.gl/fbAQLP

exports[`Expander renders correctly 1`] = `
.c0 {
  width: 100%;
  overflow: hidden;
}

.c0.expander-enter {
  height: var(--first);
}

.c0.expander-enter-active {
  height: var(--last);
  -webkit-transition: height 300ms;
  transition: height 300ms;
}

.c0.expander-exit {
  height: var(--first);
}

.c0.expander-exit-active {
  height: var(--last);
  -webkit-transition: height 300ms;
  transition: height 300ms;
}

.c0 > summary {
  cursor: pointer;
  -webkit-user-select: none;
  -moz-user-select: none;
  -ms-user-select: none;
  user-select: none;
  list-style-type: none;
}

.c0 > summary:focus {
  outline: none;
}

.c0 > summary::marker {
  display: none;
}

.c0 > summary::-webkit-details-marker {
  display: none;
}

.c0 > p {
  margin: 1rem 0 0;
}

.c0 .expander__content {
  display: -webkit-box;
  display: -webkit-flex;
  display: -ms-flexbox;
  display: flex;
  -webkit-align-items: center;
  -webkit-box-align: center;
  -ms-flex-align: center;
  align-items: center;
}

.c0 .expander__icon {
  display: inline-block;
  margin-left: 0.75rem;
  -webkit-transition: -webkit-transform 300ms;
  -webkit-transition: transform 300ms;
  transition: transform 300ms;
}

.c0 .expander__icon--open {
  -webkit-transform: rotateZ(180deg);
  -ms-transform: rotateZ(180deg);
  transform: rotateZ(180deg);
}

<details
  className="c0 uniq"
>
  <style>
    
          details.uniq { 
            --first:undefinedpx; 
            --last: 0px; 
            }
  </style>
  <summary
    onClick={[Function]}
  >
    <div
      className="expander__content"
    >
      Explanation
      <span
        className="expander__icon"
      >
        <img
          alt=""
          className=""
          src="assets/icons/angle-down.svg"
          style={
            Object {
              "width": "14px",
            }
          }
        />
      </span>
    </div>
  </summary>
  <p>
    This graph shows the number of users who have successfully joined your community. 
  The higher the number, the easier it is for people to find someone else to share their journeys with. 
  Increase it by inviting more people or talk to your account manager about how you can promote your community.
  </p>
</details>
`;
