// Jest Snapshot v1, https://goo.gl/fbAQLP

exports[`PasswordRules renders correctly 1`] = `
.c0 {
  width: 100%;
}

.c0 > * {
  margin: 0 0 0.625rem;
}

.c0 > :last-child {
  margin: 0;
}

.c0 .password_rules__rule {
  display: -webkit-box;
  display: -webkit-flex;
  display: -ms-flexbox;
  display: flex;
  display: -webkit-box;
  display: -webkit-flex;
  display: -ms-flexbox;
  display: flex;
  -webkit-flex-direction: row;
  -ms-flex-direction: row;
  flex-direction: row;
  -webkit-box-pack: start;
  -webkit-justify-content: flex-start;
  -ms-flex-pack: start;
  justify-content: flex-start;
  -webkit-align-items: flex-start;
  -webkit-box-align: flex-start;
  -ms-flex-align: flex-start;
  align-items: flex-start;
}

.c0 .password_rules__rule > * {
  margin: 0 0.625rem 0 0;
}

.c0 .password_rules__rule > :last-child {
  margin: 0;
}

.c0 .password_rules__rule__icon {
  margin-top: 0.125rem;
  width: 0.625rem;
  height: 0.625rem;
}

.c2 {
  padding: 0;
  margin: 0;
  font-size: 1rem;
  color: #4E606A;
  font-weight: 300;
  white-space: pre-wrap;
}

.c1 {
  display: -webkit-box;
  display: -webkit-flex;
  display: -ms-flexbox;
  display: flex;
  font-size: 0.875rem;
}

<div
  className="c0 password_rules"
>
  <div
    className="password_rules__rule"
  >
    <div
      className="password_rules__rule__icon"
    >
      <div
        className="c1"
        size="0.875rem"
      >
        <svg
          aria-hidden="true"
          className="svg-inline--fa fa-times fa-w-11 fa-1x "
          color="#EB4820"
          data-icon="times"
          data-prefix="fas"
          focusable="false"
          role="img"
          style={Object {}}
          viewBox="0 0 352 512"
          xmlns="http://www.w3.org/2000/svg"
        >
          <path
            d="M242.72 256l100.07-100.07c12.28-12.28 12.28-32.19 0-44.48l-22.24-22.24c-12.28-12.28-32.19-12.28-44.48 0L176 189.28 75.93 89.21c-12.28-12.28-32.19-12.28-44.48 0L9.21 111.45c-12.28 12.28-12.28 32.19 0 44.48L109.28 256 9.21 356.07c-12.28 12.28-12.28 32.19 0 44.48l22.24 22.24c12.28 12.28 32.2 12.28 44.48 0L176 322.72l100.07 100.07c12.28 12.28 32.2 12.28 44.48 0l22.24-22.24c12.28-12.28 12.28-32.19 0-44.48L242.72 256z"
            fill="currentColor"
            style={Object {}}
          />
        </svg>
      </div>
    </div>
    <div>
      <span
        className="c2"
        color="#4E606A"
        fontSize="16px"
      >
        Contains at least 6 characters
      </span>
    </div>
  </div>
  <div
    className="password_rules__rule"
  >
    <div
      className="password_rules__rule__icon"
    >
      <div
        className="c1"
        size="0.875rem"
      >
        <svg
          aria-hidden="true"
          className="svg-inline--fa fa-times fa-w-11 fa-1x "
          color="#EB4820"
          data-icon="times"
          data-prefix="fas"
          focusable="false"
          role="img"
          style={Object {}}
          viewBox="0 0 352 512"
          xmlns="http://www.w3.org/2000/svg"
        >
          <path
            d="M242.72 256l100.07-100.07c12.28-12.28 12.28-32.19 0-44.48l-22.24-22.24c-12.28-12.28-32.19-12.28-44.48 0L176 189.28 75.93 89.21c-12.28-12.28-32.19-12.28-44.48 0L9.21 111.45c-12.28 12.28-12.28 32.19 0 44.48L109.28 256 9.21 356.07c-12.28 12.28-12.28 32.19 0 44.48l22.24 22.24c12.28 12.28 32.2 12.28 44.48 0L176 322.72l100.07 100.07c12.28 12.28 32.2 12.28 44.48 0l22.24-22.24c12.28-12.28 12.28-32.19 0-44.48L242.72 256z"
            fill="currentColor"
            style={Object {}}
          />
        </svg>
      </div>
    </div>
    <div
      className="password_rules_wrapper_password_rule_number--message"
    >
      <span
        className="c2"
        color="#4E606A"
        fontSize="16px"
      >
        Contains at least one number (0-9)
      </span>
    </div>
  </div>
  <div
    className="password_rules__rule"
  >
    <div
      className="password_rules__rule__icon"
    >
      <div
        className="c1"
        size="0.875rem"
      >
        <svg
          aria-hidden="true"
          className="svg-inline--fa fa-times fa-w-11 fa-1x "
          color="#EB4820"
          data-icon="times"
          data-prefix="fas"
          focusable="false"
          role="img"
          style={Object {}}
          viewBox="0 0 352 512"
          xmlns="http://www.w3.org/2000/svg"
        >
          <path
            d="M242.72 256l100.07-100.07c12.28-12.28 12.28-32.19 0-44.48l-22.24-22.24c-12.28-12.28-32.19-12.28-44.48 0L176 189.28 75.93 89.21c-12.28-12.28-32.19-12.28-44.48 0L9.21 111.45c-12.28 12.28-12.28 32.19 0 44.48L109.28 256 9.21 356.07c-12.28 12.28-12.28 32.19 0 44.48l22.24 22.24c12.28 12.28 32.2 12.28 44.48 0L176 322.72l100.07 100.07c12.28 12.28 32.2 12.28 44.48 0l22.24-22.24c12.28-12.28 12.28-32.19 0-44.48L242.72 256z"
            fill="currentColor"
            style={Object {}}
          />
        </svg>
      </div>
    </div>
    <span
      className="c2"
      color="#4E606A"
      fontSize="16px"
    >
      Contains both lower (a-z) and upper case letters (A-Z)
    </span>
  </div>
</div>
`;
